#! /c/iverilog/bin/vvp
:ivl_version "0.9.7 " "(v0_9_7)";
:vpi_time_precision - 12;
:vpi_module "system";
:vpi_module "v2005_math";
:vpi_module "va_math";
S_011F5218 .scope module, "MAC_tb" "MAC_tb" 2 2;
 .timescale -9 -12;
v011FDBF0_0 .var "a", 7 0;
v011FDC48_0 .net "acc", 15 0, v011F3040_0; 1 drivers
v011FDCA0_0 .var "b", 7 0;
v011FDCF8_0 .var "clk", 0 0;
v011FDD50_0 .var "reset", 0 0;
S_011F52A0 .scope module, "dut" "MAC_unit" 2 10, 3 3, S_011F5218;
 .timescale -9 -12;
P_011F89CC .param/l "max" 3 10, C4<1111111111111111>;
v01233D08_0 .net "a", 7 0, v011FDBF0_0; 1 drivers
v011F3040_0 .var "acc", 15 0;
v011F3098_0 .net "b", 7 0, v011FDCA0_0; 1 drivers
v011F30F0_0 .net "clk", 0 0, v011FDCF8_0; 1 drivers
v011FDB98_0 .net "reset", 0 0, v011FDD50_0; 1 drivers
E_011F89E8 .event posedge, v011FDB98_0, v011F30F0_0;
    .scope S_011F52A0;
T_0 ;
    %wait E_011F89E8;
    %load/v 8, v011FDB98_0, 1;
    %jmp/0xz  T_0.0, 8;
    %ix/load 0, 16, 0;
    %assign/v0 v011F3040_0, 0, 0;
    %jmp T_0.1;
T_0.0 ;
    %movi 8, 65535, 18;
    %load/v 26, v011F3040_0, 16;
    %mov 42, 0, 2;
    %load/v 44, v01233D08_0, 8;
    %mov 52, 0, 10;
    %load/v 62, v011F3098_0, 8;
    %movi 70, 0, 10;
    %mul 44, 62, 18;
    %add 26, 44, 18;
    %cmp/u 8, 26, 18;
    %jmp/0xz  T_0.2, 5;
    %ix/load 0, 16, 0;
    %assign/v0 v011F3040_0, 0, 1;
    %jmp T_0.3;
T_0.2 ;
    %load/v 8, v011F3040_0, 16;
    %load/v 24, v01233D08_0, 8;
    %movi 32, 0, 8;
    %load/v 40, v011F3098_0, 8;
    %movi 48, 0, 8;
    %mul 24, 40, 16;
    %add 8, 24, 16;
    %ix/load 0, 16, 0;
    %assign/v0 v011F3040_0, 0, 8;
T_0.3 ;
T_0.1 ;
    %jmp T_0;
    .thread T_0;
    .scope S_011F5218;
T_1 ;
    %vpi_call 2 19 "$dumpfile", "MAC.vcd";
    %vpi_call 2 20 "$dumpvars", 1'sb0, S_011F5218;
    %end;
    .thread T_1;
    .scope S_011F5218;
T_2 ;
    %vpi_call 2 24 "$display", "testing MAC";
    %vpi_call 2 25 "$monitor", "Time: %0t, a= %d, b= %d, acc= %d", $time, v011FDBF0_0, v011FDCA0_0, v011FDC48_0;
    %set/v v011FDCF8_0, 0, 1;
    %set/v v011FDD50_0, 1, 1;
    %set/v v011FDBF0_0, 0, 8;
    %set/v v011FDCA0_0, 0, 8;
    %delay 10000, 0;
    %set/v v011FDD50_0, 0, 1;
    %delay 10000, 0;
    %movi 8, 10, 8;
    %set/v v011FDBF0_0, 8, 8;
    %movi 8, 10, 8;
    %set/v v011FDCA0_0, 8, 8;
    %delay 10000, 0;
    %movi 8, 10, 8;
    %set/v v011FDBF0_0, 8, 8;
    %movi 8, 20, 8;
    %set/v v011FDCA0_0, 8, 8;
    %delay 50000, 0;
    %vpi_call 2 38 "$finish";
    %end;
    .thread T_2;
    .scope S_011F5218;
T_3 ;
    %delay 5000, 0;
    %load/v 8, v011FDCF8_0, 1;
    %inv 8, 1;
    %set/v v011FDCF8_0, 8, 1;
    %jmp T_3;
    .thread T_3;
# The file index is used to find the file name in the following table.
:file_names 4;
    "N/A";
    "<interactive>";
    "MACTB.v";
    "MAC.v";
