#! /c/iverilog/bin/vvp
:ivl_version "0.9.7 " "(v0_9_7)";
:vpi_time_precision - 12;
:vpi_module "system";
:vpi_module "v2005_math";
:vpi_module "va_math";
S_011A5240 .scope module, "Accumulator_tb" "Accumulator_tb" 2 2;
 .timescale -9 -12;
v011A3150_0 .var "clk", 0 0;
v011A86C8_0 .var "d", 7 0;
v011A8720_0 .var "reset", 0 0;
v011A8778_0 .net "sum", 15 0, v011A30F8_0; 1 drivers
S_011A52C8 .scope module, "dut" "Accumulator" 2 9, 3 4, S_011A5240;
 .timescale -9 -12;
P_011A98B4 .param/l "max" 3 10, C4<1111111111111111>;
v011A82B8_0 .net "clk", 0 0, v011A3150_0; 1 drivers
v011A3048_0 .net "d", 7 0, v011A86C8_0; 1 drivers
v011A30A0_0 .net "reset", 0 0, v011A8720_0; 1 drivers
v011A30F8_0 .var "sum", 15 0;
E_011A97B0 .event posedge, v011A30A0_0, v011A82B8_0;
    .scope S_011A52C8;
T_0 ;
    %wait E_011A97B0;
    %load/v 8, v011A30A0_0, 1;
    %jmp/0xz  T_0.0, 8;
    %ix/load 0, 16, 0;
    %assign/v0 v011A30F8_0, 0, 0;
    %jmp T_0.1;
T_0.0 ;
    %movi 8, 65535, 18;
    %load/v 26, v011A30F8_0, 16;
    %mov 42, 0, 2;
    %load/v 44, v011A3048_0, 8;
    %mov 52, 0, 10;
    %add 26, 44, 18;
    %cmp/u 8, 26, 18;
    %jmp/0xz  T_0.2, 5;
    %ix/load 0, 16, 0;
    %assign/v0 v011A30F8_0, 0, 1;
    %jmp T_0.3;
T_0.2 ;
    %load/v 8, v011A30F8_0, 16;
    %load/v 24, v011A3048_0, 8;
    %mov 32, 0, 8;
    %add 8, 24, 16;
    %ix/load 0, 16, 0;
    %assign/v0 v011A30F8_0, 0, 8;
T_0.3 ;
T_0.1 ;
    %jmp T_0;
    .thread T_0;
    .scope S_011A5240;
T_1 ;
    %vpi_call 2 17 "$dumpfile", "Acc.vcd";
    %vpi_call 2 18 "$dumpvars", 1'sb0, S_011A5240;
    %end;
    .thread T_1;
    .scope S_011A5240;
T_2 ;
    %vpi_call 2 22 "$display", "testing accumulator";
    %vpi_call 2 23 "$monitor", "time=%0t, d= %d, sum=%d", $time, v011A86C8_0, v011A8778_0;
    %set/v v011A3150_0, 0, 1;
    %set/v v011A8720_0, 1, 1;
    %set/v v011A86C8_0, 0, 8;
    %delay 10000, 0;
    %set/v v011A8720_0, 0, 1;
    %delay 10000, 0;
    %movi 8, 10, 8;
    %set/v v011A86C8_0, 8, 8;
    %delay 10000, 0;
    %movi 8, 20, 8;
    %set/v v011A86C8_0, 8, 8;
    %delay 10000, 0;
    %movi 8, 30, 8;
    %set/v v011A86C8_0, 8, 8;
    %delay 10000, 0;
    %set/v v011A86C8_0, 1, 8;
    %delay 10000, 0;
    %set/v v011A86C8_0, 1, 8;
    %delay 900000, 0;
    %vpi_call 2 38 "$finish";
    %end;
    .thread T_2;
    .scope S_011A5240;
T_3 ;
    %delay 5000, 0;
    %load/v 8, v011A3150_0, 1;
    %inv 8, 1;
    %set/v v011A3150_0, 8, 1;
    %jmp T_3;
    .thread T_3;
# The file index is used to find the file name in the following table.
:file_names 4;
    "N/A";
    "<interactive>";
    "AccumulatorTB.v";
    "Accumulator.v";
